
> rent@0.1.0 build
> next build

Γû▓ Next.js 16.1.6 (Turbopack)
- Environments: .env

  Creating an optimized production build ...
Γ£ô Compiled successfully in 7.8s
  Running TypeScript ...
node.exe : Failed to compile.
At line:1 char:1
+ & "C:\Program Files\nodejs/node.exe" "C:\Program 
Files\nodejs/node_mo ...
+ ~~~~~~~~~~~~~~~~~~~~~~~~~~~~~~~~~~~~~~~~~~~~~~~~~~~~~~~~~~~~~~~~~~~~~
    + CategoryInfo          : NotSpecified: (Failed to compile.:String 
   ) [], RemoteException
    + FullyQualifiedErrorId : NativeCommandError
 

.next/dev/types/validator.ts:143:39
Type error: Cannot find module 
'../../../src/app/admin/messages/page.js' or its corresponding type 
declarations.

[0m [90m 141 |[39m {
 [90m 142 |[39m   type __IsExpected[33m<[39m[33mSpecific[39m 
[36mextends[39m [33mAppPageConfig[39m[33m<[39m[32m"/admin/messag
es"[39m[33m>>[39m [33m=[39m [33mSpecific[39m
[31m[1m>[22m[39m[90m 143 |[39m   [36mconst[39m handler 
[33m=[39m {} [36mas[39m [36mtypeof[39m 
[36mimport[39m([32m"../../../src/app/admin/messages/page.js"[39m)
 [90m     |[39m                                       
[31m[1m^[22m[39m
 [90m 144 |[39m   type __Check [33m=[39m 
__IsExpected[33m<[39m[36mtypeof[39m handler[33m>[39m
 [90m 145 |[39m   [90m// @ts-ignore[39m
 [90m 146 |[39m   type __Unused [33m=[39m __Check[0m
Next.js build worker exited with code: 1 and signal: null
