server/index.ts(30,34): error TS1343: The 'import.meta' meta-property is only allowed when the '--module' option is 'es2020', 'es2022', 'esnext', 'system', 'node16', 'node18', 'node20', or 'nodenext'.
server/index.ts(538,72): error TS2322: Type 'string | string[]' is not assignable to type 'string'.
  Type 'string[]' is not assignable to type 'string'.
server/index.ts(555,26): error TS2322: Type 'string | string[]' is not assignable to type 'string'.
  Type 'string[]' is not assignable to type 'string'.
server/index.ts(569,72): error TS2322: Type 'string | string[]' is not assignable to type 'string'.
  Type 'string[]' is not assignable to type 'string'.
server/index.ts(574,59): error TS2322: Type 'string | string[]' is not assignable to type 'string | StringFilter<"ListingMedia">'.
  Type 'string[]' is not assignable to type 'string | StringFilter<"ListingMedia">'.
server/index.ts(575,61): error TS2322: Type 'string | string[]' is not assignable to type 'string | StringFilter<"ListingPricing">'.
  Type 'string[]' is not assignable to type 'string | StringFilter<"ListingPricing">'.
server/index.ts(576,63): error TS2322: Type 'string | string[]' is not assignable to type 'string | StringFilter<"ListingAttribute">'.
  Type 'string[]' is not assignable to type 'string | StringFilter<"ListingAttribute">'.
server/index.ts(577,60): error TS2322: Type 'string | string[]' is not assignable to type 'string | StringFilter<"CalendarBlock">'.
  Type 'string[]' is not assignable to type 'string | StringFilter<"CalendarBlock">'.
server/index.ts(578,59): error TS2322: Type 'string | string[]' is not assignable to type 'string | StringFilter<"WishlistItem">'.
  Type 'string[]' is not assignable to type 'string | StringFilter<"WishlistItem">'.
server/index.ts(579,61): error TS2322: Type 'string | string[]' is not assignable to type 'string | StringFilter<"RecentlyViewed">'.
  Type 'string[]' is not assignable to type 'string | StringFilter<"RecentlyViewed">'.
server/index.ts(580,64): error TS2322: Type 'string | string[]' is not assignable to type 'string | StringFilter<"DatePriceOverride">'.
  Type 'string[]' is not assignable to type 'string | StringFilter<"DatePriceOverride">'.
server/index.ts(581,50): error TS2322: Type 'string | string[]' is not assignable to type 'string'.
  Type 'string[]' is not assignable to type 'string'.
