server/engagement/routes.ts(358,21): error TS2322: Type 'string | string[]' is not assignable to type 'string | StringFilter<"Booking"> | undefined'.
  Type 'string[]' is not assignable to type 'string | StringFilter<"Booking"> | undefined'.
server/engagement/routes.ts(386,26): error TS2322: Type 'string | string[]' is not assignable to type 'string | StringFilter<"Booking"> | undefined'.
  Type 'string[]' is not assignable to type 'string | StringFilter<"Booking"> | undefined'.
server/engagement/routes.ts(391,26): error TS2322: Type 'string | string[]' is not assignable to type 'string | undefined'.
  Type 'string[]' is not assignable to type 'string'.
server/engagement/routes.ts(423,26): error TS2322: Type 'string | string[]' is not assignable to type 'string | StringFilter<"Booking"> | undefined'.
  Type 'string[]' is not assignable to type 'string | StringFilter<"Booking"> | undefined'.
server/engagement/routes.ts(428,26): error TS2322: Type 'string | string[]' is not assignable to type 'string | undefined'.
  Type 'string[]' is not assignable to type 'string'.
server/engagement/routes.ts(459,26): error TS2322: Type 'string | string[]' is not assignable to type 'string | StringFilter<"Booking"> | undefined'.
  Type 'string[]' is not assignable to type 'string | StringFilter<"Booking"> | undefined'.
server/engagement/routes.ts(464,26): error TS2322: Type 'string | string[]' is not assignable to type 'string | undefined'.
  Type 'string[]' is not assignable to type 'string'.
server/engagement/routes.ts(496,26): error TS2322: Type 'string | string[]' is not assignable to type 'string | StringFilter<"Booking"> | undefined'.
  Type 'string[]' is not assignable to type 'string | StringFilter<"Booking"> | undefined'.
server/engagement/routes.ts(501,26): error TS2322: Type 'string | string[]' is not assignable to type 'string | undefined'.
  Type 'string[]' is not assignable to type 'string'.
server/engagement/routes.ts(757,25): error TS2322: Type 'string | string[]' is not assignable to type 'string | StringFilter<"Booking"> | undefined'.
  Type 'string[]' is not assignable to type 'string | StringFilter<"Booking"> | undefined'.
server/engagement/routes.ts(790,26): error TS2322: Type 'string | string[]' is not assignable to type 'string | StringFilter<"Listing"> | undefined'.
  Type 'string[]' is not assignable to type 'string | StringFilter<"Listing"> | undefined'.
